Γû▓ Next.js 16.1.0 (webpack)
- Environments: .env.local, .env.production, .env
- Experiments (use with caution):
  Γ£ô viewTransition

  Creating an optimized production build ...
Γ£ô Compiled successfully in 13.9s
  Running TypeScript ...
  Collecting page data using 11 workers ...
npx : ΓÜá Using edge runtime on a page currently disables static generation for that page
At line:1 char:1
+ npx next build --webpack 2>&1 | Out-File -Encoding utf8 C:\Users\siml ...
+ ~~~~~~~~~~~~~~~~~~~~~~~~~~~~~
    + CategoryInfo          : NotSpecified: (ΓÜá Using edge ...n for that page:String) [], RemoteException
    + FullyQualifiedErrorId : NativeCommandError
 
  Generating static pages using 11 workers (0/91) ...
  Generating static pages using 11 workers (22/91) 
  Generating static pages using 11 workers (45/91) 
  Generating static pages using 11 workers (68/91) 
Γ£ô Generating static pages using 11 workers (91/91) in 954.5ms
  Finalizing page optimization ...
  Collecting build traces ...

Route (app)
Γöî Γùï /
Γö£ Γùï /_not-found
Γö£ ╞Æ /account
Γö£ ╞Æ /admin
Γö£ ╞Æ /admin/ableton-renders
Γö£ ╞Æ /admin/leads
Γö£ ╞Æ /admin/reengagement
Γö£ ╞Æ /admin/reviewers
Γö£ ╞Æ /admin/reviews
Γö£ ╞Æ /admin/reviews/[id]
Γö£ ╞Æ /admin/support
Γö£ ╞Æ /admin/support/[id]
Γö£ ╞Æ /admin/tracks
Γö£ ╞Æ /admin/tracks/[id]
Γö£ ╞Æ /admin/users
Γö£ ╞Æ /admin/users/[id]
Γö£ ╞Æ /analytics
Γö£ ╞Æ /api/account/delete
Γö£ ╞Æ /api/account/profile
Γö£ ╞Æ /api/admin/ableton-renders
Γö£ ╞Æ /api/admin/ableton-renders/[id]/render
Γö£ ╞Æ /api/admin/backfill-share-ids
Γö£ ╞Æ /api/admin/dev/preview-artist-track
Γö£ ╞Æ /api/admin/dev/preview-artist-track-single
Γö£ ╞Æ /api/admin/dev/preview-review
Γö£ ╞Æ /api/admin/reengagement/leads
Γö£ ╞Æ /api/admin/reengagement/preview
Γö£ ╞Æ /api/admin/reengagement/reset
Γö£ ╞Æ /api/admin/reengagement/trial-users
Γö£ ╞Æ /api/admin/refund
Γö£ ╞Æ /api/admin/reviewers/[id]/restrict
Γö£ ╞Æ /api/admin/support/tickets
Γö£ ╞Æ /api/admin/support/tickets/[id]
Γö£ ╞Æ /api/admin/support/tickets/[id]/messages
Γö£ ╞Æ /api/admin/tracks/[id]
Γö£ ╞Æ /api/admin/tracks/[id]/cancel
Γö£ ╞Æ /api/admin/tracks/[id]/eligible-reviewers
Γö£ ╞Æ /api/admin/tracks/[id]/generate-fake-reviews
Γö£ ╞Æ /api/admin/tracks/[id]/grant-free
Γö£ ╞Æ /api/admin/tracks/[id]/notify-invalid-link
Γö£ ╞Æ /api/admin/tracks/[id]/reassign
Γö£ ╞Æ /api/admin/users/[id]/activate-pro
Γö£ ╞Æ /api/admin/users/[id]/enable-reviewer
Γö£ ╞Æ /api/admin/users/[id]/verify-email
Γö£ ╞Æ /api/affiliate-links/[linkId]
Γö£ ╞Æ /api/artist/profile
Γö£ ╞Æ /api/artist/welcome-seen
Γö£ ╞Æ /api/audio/silence
Γö£ ╞Æ /api/auth/[...nextauth]
Γö£ ╞Æ /api/auth/check-email
Γö£ ╞Æ /api/auth/desktop/login
Γö£ ╞Æ /api/auth/forgot-password
Γö£ ╞Æ /api/auth/resend-verification
Γö£ ╞Æ /api/auth/reset-password
Γö£ ╞Æ /api/auth/set-artist
Γö£ ╞Æ /api/auth/signup
Γö£ ╞Æ /api/auth/trial-signup
Γö£ ╞Æ /api/auth/verify-email
Γö£ ╞Æ /api/cron/expire-queue
Γö£ ╞Æ /api/genres
Γö£ ╞Æ /api/get-feedback/create-account
Γö£ ╞Æ /api/get-feedback/submit
Γö£ ╞Æ /api/get-feedback/upload-presign
Γö£ ╞Æ /api/lead-capture
Γö£ ╞Æ /api/metadata
Γö£ ╞Æ /api/platform-stats
Γö£ ╞Æ /api/purchases
Γö£ ╞Æ /api/purchases/[purchaseId]/download
Γö£ ╞Æ /api/queue
Γö£ ╞Æ /api/review-credits/checkout
Γö£ ╞Æ /api/reviewer/payouts
Γö£ ╞Æ /api/reviewer/profile
Γö£ ╞Æ /api/reviewer/stripe/connect
Γö£ ╞Æ /api/reviewer/stripe/dashboard
Γö£ ╞Æ /api/reviews
Γö£ ╞Æ /api/reviews/[id]
Γö£ ╞Æ /api/reviews/[id]/flag
Γö£ ╞Æ /api/reviews/[id]/gem
Γö£ ╞Æ /api/reviews/[id]/heartbeat
Γö£ ╞Æ /api/reviews/[id]/skip
Γö£ ╞Æ /api/reviews/[id]/unplayable
Γö£ ╞Æ /api/subscriptions/checkout
Γö£ ╞Æ /api/subscriptions/portal
Γö£ ╞Æ /api/subscriptions/verify
Γö£ ╞Æ /api/support/tickets
Γö£ ╞Æ /api/support/tickets/[id]
Γö£ ╞Æ /api/support/tickets/[id]/messages
Γö£ ╞Æ /api/t/[trackShareId]
Γö£ ╞Æ /api/t/[trackShareId]/checkout
Γö£ ╞Æ /api/tracks
Γö£ ╞Æ /api/tracks/[id]/affiliate-links
Γö£ ╞Æ /api/tracks/[id]/cancel
Γö£ ╞Æ /api/tracks/[id]/checkout
Γö£ ╞Æ /api/tracks/[id]/download
Γö£ ╞Æ /api/tracks/[id]/public
Γö£ ╞Æ /api/tracks/[id]/request-reviews
Γö£ ╞Æ /api/tracks/[id]/sharing
Γö£ ╞Æ /api/tracks/[id]/stems
Γö£ ╞Æ /api/tracks/[id]/update-source
Γö£ ╞Æ /api/tracks/[id]/upload-project
Γö£ ╞Æ /api/tracks/[id]/view
Γö£ ╞Æ /api/uploads/ableton-project
Γö£ ╞Æ /api/uploads/stem/presign
Γö£ ╞Æ /api/uploads/track
Γö£ ╞Æ /api/uploads/track/presign
Γö£ ╞Æ /api/webhooks/stripe
Γö£ ╞Æ /api/worker/pending-renders
Γö£ ╞Æ /api/worker/tracks/[trackId]/complete
Γö£ ╞Æ /artist
Γö£ ╞Æ /artist/account
Γö£ ╞Æ /artist/analytics
Γö£ ╞Æ /artist/dashboard
Γö£ ╞Æ /artist/earnings
Γö£ ╞Æ /artist/onboarding
Γö£ ╞Æ /artist/reviewers
Γö£ ╞Æ /artist/reviewers/[id]
Γö£ ╞Æ /artist/sales
Γö£ ╞Æ /artist/submit
Γö£ ╞Æ /artist/submit/checkout
Γö£ ╞Æ /artist/submit/success
Γö£ ╞Æ /artist/tracks
Γö£ ╞Æ /artist/tracks/[id]
Γö£ ╞Æ /artist/tracks/[id]/request-reviews
Γö£ ╞Æ /business
Γö£ ╞Æ /dashboard
Γö£ ╞Æ /debug-pro
Γö£ ╞Æ /discover
Γö£ Γùï /forgot-password
Γö£ Γùï /get-feedback
Γö£ ╞Æ /listener/account
Γö£ ╞Æ /listener/dashboard
Γö£ ╞Æ /listener/earnings
Γö£ ╞Æ /listener/history
Γö£ ╞Æ /listener/onboarding
Γö£ ╞Æ /listener/queue
Γö£ ╞Æ /listener/review/[id]
Γö£ Γùï /login
Γö£ ╞Æ /logo.png
Γö£ ╞Æ /onboarding
Γö£ Γùï /privacy
Γö£ ╞Æ /r/[shareId]
Γö£ ╞Æ /r/[shareId]/opengraph-image
Γö£ ╞Æ /r/[shareId]/story-image
Γö£ Γùï /reset-password
Γö£ ╞Æ /review
Γö£ ╞Æ /review/[id]
Γö£ ╞Æ /review/history
Γö£ ╞Æ /reviewer/account
Γö£ ╞Æ /reviewer/dashboard
Γö£ ╞Æ /reviewer/earnings
Γö£ ╞Æ /reviewer/history
Γö£ ╞Æ /reviewer/onboarding
Γö£ ╞Æ /reviewer/queue
Γö£ ╞Æ /reviewer/review/[id]
Γö£ ╞Æ /sales
Γö£ Γùï /signup
Γö£ ╞Æ /submit
Γö£ ╞Æ /submit/success
Γö£ ╞Æ /support
Γö£ ╞Æ /support/tickets
Γö£ ╞Æ /support/tickets/[id]
Γö£ Γùï /t
Γö£ ╞Æ /t/[trackShareId]
Γö£ Γùï /terms
Γö£ ╞Æ /track/[id]
Γöö ╞Æ /tracks


Γùï  (Static)   prerendered as static content
╞Æ  (Dynamic)  server-rendered on demand

